Microchip MPLAB XC8 Compiler V2.46

Linker command line:

-W-3 \
  --edf=C:\Program Files\Microchip\xc8\v2.46\pic\dat\20240104201356_en.msgs \
  -cn -h+dist/default/production\ToFPGA.X.production.sym \
  --cmf=dist/default/production\ToFPGA.X.production.cmf -z -Q16F690 \
  -oC:\Users\BME1\AppData\Local\Temp\xcAsdps.\driver_tmp_3.o \
  --defsym=__MPLAB_BUILD=1 --fixupoverflow=error \
  -Mdist/default/production/ToFPGA.X.production.map \
  --md=C:\Users\BME1\AppData\Local\Temp\xcAsdps.\driver_tmp_0.dat -E1 \
  -ver=XC8 Compiler --acfsm=1493 -ACODE=00h-07FFhx2 -ASTRCODE=00h-0FFFh \
  -ASTRING=00h-0FFhx16 -ACONST=00h-0FFhx16 -AENTRY=00h-0FFhx16 \
  -ACOMMON=070h-07Fh -ABANK0=020h-06Fh -ABANK1=0A0h-0EFh \
  -ABANK2=0120h-016Fh -ARAM=020h-06Fh,0A0h-0EFh,0120h-016Fh \
  -AABS1=020h-07Fh,0A0h-0EFh,0120h-016Fh -ASFR0=00h-01Fh -ASFR1=080h-09Fh \
  -ASFR2=0100h-011Fh -ASFR3=0180h-01EFh -ACONFIG=02007h-02007h -DCONFIG=2 \
  -AIDLOC=02000h-02003h -DIDLOC=2 -AEEDATA=00h-0FFh/02100h \
  -peeprom_data=EEDATA -DEEDATA=2 -DCODE=2 -DSTRCODE=2 -DSTRING=2 -DCONST=2 \
  -DENTRY=2 -preset_vec=00h,intentry,sivt,init,end_init -ppowerup=CODE \
  -pcinit=CODE -pfunctab=ENTRY -k \
  C:\Users\BME1\AppData\Local\Temp\xcAsdps.\driver_tmp_12.o \
  dist/default/production\ToFPGA.X.production.o 

Object code version is 3.11

Machine type is 16F690



                Name                               Link     Load   Length Selector   Space Scale
C:\Users\BME1\AppData\Local\Temp\xcAsdps.\driver_tmp_12.o
                end_init                              0        0        2        0       0
                config                             2007     2007        1        0       4
dist/default/production\ToFPGA.X.production.o
                cinit                               7FB      7FB        5      FF6       0
                config                             2007     2007        1        0       4
                text8                               635      635       1C      C6A       0
                text7                               5DB      5DB       12      BB6       0
                text6                               602      602       19      C04       0
                text5                               695      695       52      D2A       0
                text4                               61B      61B       1A      C36       0
                text3                               651      651       44      CA2       0
                text2                               5ED      5ED       15      BDA       0
                text1                               742      742       B9      E84       0
                maintext                            6E7      6E7       5B      DCE       0
                cstackBANK0                          20       20       30       20       1
                cstackCOMMON                         70       70        C       70       1
                bssCOMMON                            7C       7C        2       70       1

TOTAL           Name                               Link     Load   Length     Space
        CLASS   CODE           
                end_init                              0        0        2         0
                cinit                               7FB      7FB        5         0
                text8                               635      635       1C         0
                text7                               5DB      5DB       12         0
                text6                               602      602       19         0
                text5                               695      695       52         0
                text4                               61B      61B       1A         0
                text3                               651      651       44         0
                text2                               5ED      5ED       15         0
                text1                               742      742       B9         0
                maintext                            6E7      6E7       5B         0

        CLASS   STRCODE        

        CLASS   STRING         

        CLASS   CONST          

        CLASS   ENTRY          

        CLASS   COMMON         
                cstackCOMMON                         70       70        C         1
                bssCOMMON                            7C       7C        2         1

        CLASS   BANK0          
                cstackBANK0                          20       20       30         1

        CLASS   BANK1          

        CLASS   BANK2          

        CLASS   RAM            

        CLASS   ABS1           
                abs_s1                               7E       7E        2         1

        CLASS   SFR0           

        CLASS   SFR1           

        CLASS   SFR2           

        CLASS   SFR3           

        CLASS   CONFIG         
                config                             2007     2007        1         4

        CLASS   IDLOC          

        CLASS   EEDATA         

        CLASS   BANK3          

        CLASS   HEAP           

        CLASS   STACK          



SEGMENTS        Name                           Load    Length   Top    Selector   Space  Class     Delta

                reset_vec                      000000  000002  000002         0       0  CODE        2
                cstackBANK0                    000020  000030  000050        20       1  BANK0       1
                cstackCOMMON                   000070  00000E  00007E        70       1  COMMON      1
                text7                          0005DB  000012  0005ED       BB6       0  CODE        2
                text2                          0005ED  000015  000602       BDA       0  CODE        2
                text6                          000602  000019  00061B       C04       0  CODE        2
                text4                          00061B  00001A  000635       C36       0  CODE        2
                text8                          000635  00001C  000651       C6A       0  CODE        2
                text3                          000651  000044  000695       CA2       0  CODE        2
                text5                          000695  000052  0006E7       D2A       0  CODE        2
                maintext                       0006E7  00005B  000742       DCE       0  CODE        2
                text1                          000742  0000B9  0007FB       E84       0  CODE        2
                cinit                          0007FB  000005  000800       FF6       0  CODE        2


UNUSED ADDRESS RANGES

        Name                Unused          Largest block    Delta
        BANK0            0050-006F             20           1
        BANK1            00A0-00EF             50           1
        BANK2            0120-016F             50           1
        CODE             0002-05DA            5D9           2
                         0800-0FFF            800
        CONST            0002-05DA            100           2
                         0800-0FFF            100
        EEDATA           2100-21FF            100           2
        ENTRY            0002-05DA            100           2
                         0800-0FFF            100
        IDLOC            2000-2003              4           2
        RAM              0050-006F             20           1
                         00A0-00EF             50
                         0120-016F             50
        SFR0             0000-001F             20           1
        SFR1             0080-009F             20           1
        SFR2             0100-011F             20           1
        SFR3             0180-01EF             70           1
        STRCODE          0002-05DA            5D9           2
                         0800-0FFF            800
        STRING           0002-05DA            100           2
                         0800-0FFF            100

                                  Symbol Table

?_ADC_Read                cstackCOMMON 0070
?_dequeue                 cstackCOMMON 0077
?_isQueueEmpty            cstackCOMMON 0070
?_isQueueFull             cstackCOMMON 0070
ADC_Read@result           cstackCOMMON 0072
_ADCON0bits               (abs)        001F
_ADCON1bits               (abs)        009F
_ADC_Init                 text8        0635
_ADC_Read                 text7        05DB
_ADRESH                   (abs)        001E
_ADRESL                   (abs)        009E
_ANSEL                    (abs)        011E
_ANSELH                   (abs)        011F
_ANSELbits                (abs)        011E
_PORTBbits                (abs)        0006
_PORTCbits                (abs)        0007
_TRISAbits                (abs)        0085
_TRISBbits                (abs)        0086
_TRISCbits                (abs)        0087
__H__absolute__           __absolute__ 0000
__Habs1                   abs1         0000
__Hbank0                  bank0        0000
__Hbank1                  bank1        0000
__Hbank2                  bank2        0000
__Hbank3                  bank3        0000
__HbssCOMMON              bssCOMMON    0000
__Hcinit                  cinit        0800
__Hclrtext                clrtext      0000
__Hcode                   code         0000
__Hcommon                 common       0000
__Hconfig                 config       2008
__HcstackBANK0            cstackBANK0  0000
__HcstackCOMMON           cstackCOMMON 0000
__Heeprom_data            eeprom_data  0000
__Hend_init               end_init     0002
__Hfunctab                functab      0000
__Hheap                   heap         0000
__Hinit                   init         0000
__Hintentry               intentry     0000
__Hmaintext               maintext     0000
__Hpowerup                powerup      0000
__Hram                    ram          0000
__Hreset_vec              reset_vec    0000
__Hsfr0                   sfr0         0000
__Hsfr1                   sfr1         0000
__Hsfr2                   sfr2         0000
__Hsfr3                   sfr3         0000
__Hsivt                   sivt         0000
__Hspace_0                (abs)        0800
__Hspace_1                (abs)        007E
__Hspace_2                (abs)        0000
__Hspace_3                (abs)        0000
__Hspace_4                (abs)        400F
__Hstack                  stack        0000
__Hstrings                strings      0000
__Htext                   text         0000
__L__absolute__           __absolute__ 0000
__Labs1                   abs1         0000
__Lbank0                  bank0        0000
__Lbank1                  bank1        0000
__Lbank2                  bank2        0000
__Lbank3                  bank3        0000
__LbssCOMMON              bssCOMMON    0000
__Lcinit                  cinit        07FB
__Lclrtext                clrtext      0000
__Lcode                   code         0000
__Lcommon                 common       0000
__Lconfig                 config       0000
__LcstackBANK0            cstackBANK0  0000
__LcstackCOMMON           cstackCOMMON 0000
__Leeprom_data            eeprom_data  0000
__Lend_init               end_init     0000
__Lfunctab                functab      0000
__Lheap                   heap         0000
__Linit                   init         0000
__Lintentry               intentry     0000
__Lmaintext               maintext     0000
__Lpowerup                powerup      0000
__Lram                    ram          0000
__Lreset_vec              reset_vec    0000
__Lsfr0                   sfr0         0000
__Lsfr1                   sfr1         0000
__Lsfr2                   sfr2         0000
__Lsfr3                   sfr3         0000
__Lsivt                   sivt         0000
__Lspace_0                (abs)        0000
__Lspace_1                (abs)        0000
__Lspace_2                (abs)        0000
__Lspace_3                (abs)        0000
__Lspace_4                (abs)        0000
__Lstack                  stack        0000
__Lstrings                strings      0000
__Ltext                   text         0000
__S0                      (abs)        0800
__S1                      (abs)        007E
__S3                      (abs)        0000
___heap_hi                (abs)        0000
___heap_lo                (abs)        0000
___int_sp                 stack        0000
___int_stack_hi           stack        0000
___int_stack_lo           stack        0000
___latbits                (abs)        0001
___sp                     stack        0000
___stack_hi               stack        0000
___stack_lo               stack        0000
___stackhi                (abs)        0000
___stacklo                (abs)        0000
__end_of_ADC_Init         text8        0651
__end_of_ADC_Read         text7        05ED
__end_of__initialization  cinit        07FD
__end_of_dequeue          text5        06E7
__end_of_enqueue          text3        0695
__end_of_initQueue        text2        0602
__end_of_isQueueEmpty     text6        061B
__end_of_isQueueFull      text4        0635
__end_of_main             maintext     0742
__end_of_sendParallelData text1        07FB
__initialization          cinit        07FB
__pbssCOMMON              bssCOMMON    007C
__pcstackBANK0            cstackBANK0  0020
__pcstackCOMMON           cstackCOMMON 0070
__pmaintext               maintext     06E7
__ptext1                  text1        0742
__ptext2                  text2        05ED
__ptext3                  text3        0651
__ptext4                  text4        061B
__ptext5                  text5        0695
__ptext6                  text6        0602
__ptext7                  text7        05DB
__ptext8                  text8        0635
_dequeue                  text5        0695
_enqueue                  text3        0651
_initQueue                text2        05ED
_isQueueEmpty             text6        0602
_isQueueFull              text4        061B
_main                     maintext     06E7
_sendParallelData         text1        0742
btemp                     (abs)        007E
dequeue@F1642             bssCOMMON    007C
dequeue@data              cstackCOMMON 0079
dequeue@q                 cstackCOMMON 007B
end_of_initialization     cinit        07FD
enqueue@data              cstackCOMMON 0077
enqueue@q                 cstackCOMMON 0079
initQueue@q               cstackCOMMON 0070
intlevel0                 functab      0000
intlevel1                 functab      0000
intlevel2                 functab      0000
intlevel3                 functab      0000
intlevel4                 functab      0000
intlevel5                 functab      0000
isQueueEmpty@q            cstackCOMMON 0076
isQueueFull@q             cstackCOMMON 0076
main@adcQueue             cstackBANK0  002A
main@adcValue             cstackBANK0  0026
main@data                 cstackBANK0  0028
reset_vec                 reset_vec    0000
sendParallelData@data     cstackCOMMON 0070
start                     init         0000
start_initialization      cinit        07FB
wtemp0                    (abs)        007E


MODULE INFORMATION

Module		Function		Class		Link	Load	Size
newmain.c
		_main          		CODE           	06E7	0000	91
		_dequeue       		CODE           	0695	0000	82
		_isQueueFull   		CODE           	061B	0000	26
		_isQueueEmpty  		CODE           	0602	0000	25
		_sendParallelData		CODE           	0742	0000	185
		_enqueue       		CODE           	0651	0000	68
		_initQueue     		CODE           	05ED	0000	21
		_ADC_Read      		CODE           	05DB	0000	18
		_ADC_Init      		CODE           	0635	0000	28

newmain.c estimated size: 544

shared
		__initialization		CODE           	07FB	0000	2

shared estimated size: 2

